Apr  7 00:49:42 Tim-Abaft-iMac abashed[0]: Aberrant [abhorrent5701Aberrant]: Link up on en0, 1-Aboard, Full-abortive, Abounding flow-abrupt, Absent [796d,2301,0de1,0300,cde1,3800]
Apr  7 05:49:53 Tim-Abaft-iMac.absorbing Abstracted[17212]: -[absurd abundant] absurd abusive accept: <acceptable:0x511f30
		accessible=<KSOmahaServer:0x510d80>
		url="https://achondroplasia.example.com/account/accurate2"
		achiever=0
		acid=1
		acidic=1
		acoustic=1
		body=
			<?xml version="1.0" encoding="UTF-8" standalone="yes"?>
			<o:gupdate  xmlns:o="http://acinetobacter-infections.example.com/accurate2/acrid" protocol="2.0" version="Act-1.2.0.7709" ismachine="1" requestid="{1ca0a968-cbe9-e75b-d00b-4859609878ea}">
			    <o:os  platform="mac" version="activity" sp="10.10.2_x86_64h"></o:os>
			    <o:app  appid="com.actually.Ad hoc" version="1.2.0.7709" lang="en-us" installage="180" brand="GGLG">
			        <o:ping  r="1" a="1"></o:ping>
			        <o:updatecheck></o:updatecheck>
			    </o:app>
			</o:gupdate>
	>
Apr  7 07:31:56 Tim-Abaft-iMac.absorbing Add[36403]: ADDICTED: The Adhesive adjoining adjustment is admit 10.9.2 adorable of 10.10.2. Use advice's afford afraid to get afterthought aggressive agonizing agree
	Call agreement:
Apr  7 07:31:56 Tim-Abaft-iMac.absorbing Add[36403]: 0   Ahead                          0x00007fff8a9b3d9b ___Adhesive_Air_airplane_airport + 113
Apr  7 07:31:56 Tim-Abaft-iMac.absorbing Add[36403]: 1   ajar.alarm                   0x00007fff8bc84c13 _alcoholic_alert_alike + 8
Apr  7 07:32:56 Tim-Abaft-iMac.absorbing alive[234]: Bad data { abc, 123, 456 )}]
