[1m[4mlog_line [0m[1m[4m  log_tags    [0m
      46 ["#bro-test"] 
