87.226.160.250 2022-10-30T00:00:02.000 "HEAD / HTTP/1.1" 301 570  
  RayID: 761fde4e984e5ab2
