-09-06T22:00:49.124817Z INFO Shutting down service
  @fields/user: steve@example.com
  @fields: { "lvl": "INFO", "msg": "Shutting down service", "user": "steve@example.com"}

