[31mout of frame line 1[0m
[31mout of frame line 2[0m
