    ${FOO}
qrf ^----^
eof      ^
eval -- bar
split:
  0 ^----^ -- bar
