[7m Sat Nov 03 08:00:00          1 normal         0 errors         0 warnings      [0m   0 marks
