[4mMin: 0                 [0m[4m[42m  [0m[4m 1-23 [0m[4m[43m  [0m[4m 24-48 [0m[4m[41m  [0m[4m 49+[0m[4m                   Max: 291690[0m
[41m [0m[43mT[0m[42mh[0m[42mu[0m[42m [0m[42mN[0m[42mo[0m[42mv[0m[42m [0m[42m0[0m[42m3[0m[42m [0m[42m0[0m[42m0[0m:1[42m5[0m:00[42m [0m  [42m [0m[42m [0m [42m [0m[42m [0m [42m [0m                [42m [0m                       [42m [0m      [42m [0m
â–² [1m70[0m values in the range [1m0.00[0m-[1m3788.18[0m 
[43m [0m[42mT[0m[42mh[0m[42mu[0m[42m [0m[42mN[0m[42mo[0mv[42m [0m03 [42m0[0m0:[42m2[0m0:00                                                          
