[1m[4m                  lnav_top_file()                  [0m[1m[4m [0m
{test_dir}/logfile_access_log.0 
