2023-03-24T14:26:16.243 renovate[7] INFO     Dependency extraction complete
 Received Time: [1m2023-03-24T14:26:16.243[0m â€” [1min the future[0m  Format: [1m%Y-%m-%dT%H:%M:%S.%L%z[0m
 Known message fields for table [1mbunyan_log[0m:
   name     = [1mrenovate[0m
   hostname = [1mrenovate-gitlab-67c4bcb5-9ggbv[0m
   pid      = [1m7[0m
   level    = [1m30[0m
   v        = [1m0[0m
 JSON fields:
   [1mjget[0m(log_raw_text, [35m'/baseBranch'[0m) = [1mmain[0m
   [1mjget[0m(log_raw_text, [35m'/logContext'[0m) = [1mqjifsaDDI[0m
   [1mjget[0m(log_raw_text, [35m'/repository'[0m) = [1mwebgui/custom-icons-transformer[0m
   [1mjget[0m(log_raw_text, [35m'/stats'[0m) = [1m{"managers":{"gitlabci":{"fileCount":1,"depCount":1},"gitlabci-include":{"fileCount":1,"depCount":1},"npm":{"fileCount":1,"depCount":15}},"total":{"fileCount":3,"depCount":17}}[0m
 No discovered message fields
  logContext: qjifsaDDI
  repository: webgui/custom-icons-transformer
  baseBranch: main
  stats: {"managers":{"gitlabci":{"fileCount":1,"depCount":1},"gitlabci-include":{"fileCount":1,"depCount":1},"npm":{"fileCount":1,"depCount":15}},"total":{"fileCount":3,"depCount":17}}
2023-03-24T14:26:16.390 renovate[7] DEBUG    Dependency node has unsupported/unversioned value lts-bullseye-slim (versioning=docker)
  logContext: qjifsaDDI
  repository: webgui/custom-icons-transformer
2023-03-24T14:26:17.493 renovate[7] DEBUG    Release 2.8.7 is pending status checks
  logContext: qjifsaDDI
  repository: webgui/custom-icons-transformer
  depName: prettier
  check: stabilityDays
2023-03-24T14:26:17.897 renovate[7] DEBUG    Release 4.4.1 is pending status checks
  logContext: qjifsaDDI
  repository: webgui/custom-icons-transformer
  depName: rimraf
  check: stabilityDays
2023-03-24T14:26:17.897 renovate[7] DEBUG    All releases are pending - using latest
  logContext: qjifsaDDI
  repository: webgui/custom-icons-transformer
  depName: rimraf
  bucket: non-major
2023-03-24T14:26:18.330 renovate[7] DEBUG    Release 2.10.0 is pending status checks
  logContext: qjifsaDDI
  repository: webgui/custom-icons-transformer
  depName: prettier-plugin-svelte
  check: stabilityDays
2023-03-24T14:26:18.331 renovate[7] DEBUG    All releases are pending - using latest
  logContext: qjifsaDDI
  repository: webgui/custom-icons-transformer
  depName: prettier-plugin-svelte
  bucket: non-major
