[
    {
        "top_meta": {
            "file": "ECHO(1)",
            "breadcrumbs": [
                {
                    "display_value": "ECHO(1)",
                    "search_placeholder": "",
                    "possibilities": [
                        {
                            "display_value": "ECHO(1)"
                        }
                    ]
                },
                {
                    "display_value": "â‹¯",
                    "search_placeholder": "",
                    "possibilities": [
                        {
                            "display_value": "DESCRIPTION"
                        },
                        {
                            "display_value": "EXIT STATUS"
                        },
                        {
                            "display_value": "NAME"
                        },
                        {
                            "display_value": "SEE ALSO"
                        },
                        {
                            "display_value": "STANDARDS"
                        },
                        {
                            "display_value": "SYNOPSIS"
                        }
                    ]
                }
            ]
        }
    }
]
