2017-03-24T16:06:26.240 1.1.1.1 GET 200   443 /example/uri/5
[31m2017-03-24T16:12:47.764[0m[31m [0m[31m1.1.1.1[0m[31m [0m[31mGET[0m[31m 500  4433 [0m[31m/example/uri/5[0m
[33m2017-03-24T16:15:31.694[0m[33m [0m[33m1.1.1.1[0m[33m [0m[33mGET[0m[33m 400 44345 [0m[33m/example/uri/5[0m
