Row 0:
  Column parse_url('https://example.com/'): {"scheme":"https","username":null,"password":null,"host":"example.com","port":null,"path":"/","query":null,"parameters":null,"fragment":null}
