[1m[35mâ“˜ info[0m: file is already installed at -- [1m../installer-test-home/.lnav/formats/installed/test_log.json[0m
