Row 0:
  Column unparse_url(parse_url('https://example.com/search?flag')): https://example.com/search?flag
