[1m[4mlog_line [0m[1m[4mlog_part [0m[1m[4m       log_time         [0m[1m[4m[7mlog_idle_msecs [0m[1m[4mlog_level [0m[1m[4mlog_mark [0m[1m[4mlog_comment [0m[1m[4mlog_tags [0m[1m[4mlog_annotations [0m[1m[4mlog_filters [0m[1m[4mmatch_index [0m[1m[4muser [0m[1m[4mpid [0m[1m[4m[7mcpu_pct [0m[1m[4m[7mmem_pct [0m[1m[4m[7mvsz [0m[1m[4m[7mrss [0m[1m[4mtty [0m[1m[4mstat [0m[1m[4mstart_time [0m[1m[4mcpu_time [0m[1m[4m   cmd     [0m[1m[4m cmd_name  [0m[1m[4mcmd_args [0m
       0   <NULL> 2022-06-02 00:01:01.000 [1m             0[0m info             0      <NULL>   <NULL>          <NULL>      <NULL>           1 root   2 [1m      0[0m [1m      0[0m [1m  0[0m [1m  0[0m ?   S    Jun01      0:00     [kthreadd] [kthreadd]   <NULL> 
[7m      12[0m[7m [0m[7m  <NULL>[0m[7m [0m[7m2022-06-02 00:02:01.000[0m[7m [0m[1m[7m         60000[0m[7m [0m[7minfo     [0m[7m [0m[7m       0[0m[7m [0m[7m     <NULL>[0m[7m [0m[7m  <NULL>[0m[7m [0m[7m         <NULL>[0m[7m [0m[7m     <NULL>[0m[7m [0m[7m          1[0m[7m [0m[7mroot[0m[7m [0m[7m  2[0m[7m [0m[1m[7m      0[0m[7m [0m[1m[7m      0[0m[7m [0m[1m[7m  0[0m[7m [0m[1m[7m  0[0m[7m [0m[7m?  [0m[7m [0m[7mS   [0m[7m [0m[7mJun01     [0m[7m [0m[7m0:00    [0m[7m [0m[7m[kthreadd][0m[7m [0m[7m[kthreadd][0m[7m [0m[7m  <N[0mULL> 
[1m[7m      30[0m[1m[7m [0m[1m[7m  <NULL>[0m[1m[7m [0m[1m[7m2022-06-02 00:03:01.000[0m[1m[7m [0m[1m[7m         60000[0m[1m[7m [0m[1m[7minfo     [0m[1m[7m [0m[1m[7m       0[0m[1m[7m [0m[1m[7m     <NULL>[0m[1m[7m [0m[1m[7m  <NULL>[0m[1m[7m [0m[1m[7m         <NULL>[0m[1m[7m [0m[1m[7m     <NULL>[0m[1m[7m [0m[1m[7m          1[0m[1m[7m [0m[1m[7mroot[0m[1m[7m [0m[1m[7m  2[0m[1m[7m [0m[1m[7m      0[0m[1m[7m [0m[1m[7m      0[0m[1m[7m [0m[1m[7m  0[0m[1m[7m [0m[1m[7m  0[0m[1m[7m [0m[1m[7m?  [0m[1m[7m [0m[1m[7mS   [0m[1m[7m [0m[1m[7mJun01     [0m[1m[7m [0m[1m[7m0:00    [0m[1m[7m [0m[1m[7m[kthreadd][0m[1m[7m [0m[1m[7m[kthreadd][0m[1m[7m [0m[1m[7m  <N[0m[1mULL> [0m
