2600-12-03 09:23:00 0:
00:2 0 00:00:00 0:
2600-12-03 09:23:00 0:
