[1m[4mlog_top_datetime()[0m[1m[4m [0m
            <NULL> 
