Row 0:
  Column encode('hi' || char(10), 'hex'): 68690a
