[1m[4mlnav_top_file()[0m[1m[4m [0m
         <NULL> 
