    $FOO
ref ^--^
eof    ^
eval -- bar
split:
  0 ^--^ -- bar
