[7m192.168.202.254[0m[7m - [0m[7m-[0m[7m [[0m[7m20/Jul/2009:22:59:26 +0000[0m[7m] "[0m[7mGET[0m[7m [0m[7m/vmw/cgi/tramp[0m[7m [0m[7mHTTP/1.0[0m[7m" 200 134 "[0m[7m-[0m[7m" "[0m[7mgPXE/0.9.7[0m[7m"[0m
 â”œ [32mHello, World![0m
 â”” #foo
[7m[31m192.168.202.254[0m[7m[31m - [0m[7m[31m-[0m[7m[31m [[0m[7m[31m20/Jul/2009:22:59:29 +0000[0m[7m[31m] "[0m[7m[31mGET[0m[7m[31m [0m[7m[31m/vmw/vSphere/default/vmkboot.gz[0m[7m[31m [0m[7m[31mHTTP/1.0[0m[7m[31m" 404 46210 "[0m[7m[31m-[0m[7m[31m" "[0m[7m[31mgPXE/0.9.7[0m[7m[31m"[0m
[7m192.168.202.254[0m[7m - [0m[7m-[0m[7m [[0m[7m20/Jul/2009:22:59:29 +0000[0m[7m] "[0m[7mGET[0m[7m [0m[7m/vmw/vSphere/default/vmkernel.gz[0m[7m [0m[7mHTTP/1.0[0m[7m" 200 78929 "[0m[7m-[0m[7m" "[0m[7mgPXE/0.9.7[0m[7m"[0m
