log_line,log_time,log_level,bro_ts,bro_uid,bro_id_orig_h,bro_id_orig_p,bro_id_resp_h,bro_id_resp_p,bro_trans_depth,bro_method,bro_host,bro_uri,bro_referrer,bro_version,bro_user_agent,bro_request_body_len,bro_response_body_len,bro_status_code,bro_status_msg,bro_info_code,bro_info_msg,bro_tags,bro_username,bro_password,bro_proxied,bro_orig_fuids,bro_orig_filenames,bro_orig_mime_types,bro_resp_fuids,bro_resp_filenames,bro_resp_mime_types,log_part,log_idle_msecs,log_mark,log_comment,log_tags,log_annotations,log_filters
0,2011-11-03 00:19:26.452,info,1320279566.452687,CwFs1P2UcUdlSxD2La,192.168.2.76,52026,132.235.215.119,80,1,GET,www.reddit.com,/,<NULL>,1.1,Mozilla/5.0 (Macintosh; Intel Mac OS X 10.6; rv:7.0.1) Gecko/20100101 Firefox/7.0.1,0,109978,200,OK,<NULL>,<NULL>,,<NULL>,<NULL>,<NULL>,<NULL>,<NULL>,<NULL>,Ftw3fJ2JJF3ntMTL2,<NULL>,text/html,<NULL>,0,0,<NULL>,<NULL>,<NULL>,<NULL>
1,2011-11-03 00:19:26.831,info,1320279566.831619,CJxSUgkInyKSHiju1,192.168.2.76,52030,72.21.211.173,80,1,GET,e.thumbs.redditmedia.com,/E-pbDbmiBclPkDaX.jpg,http://www.reddit.com/,1.1,Mozilla/5.0 (Macintosh; Intel Mac OS X 10.6; rv:7.0.1) Gecko/20100101 Firefox/7.0.1,0,2300,200,OK,<NULL>,<NULL>,,<NULL>,<NULL>,<NULL>,<NULL>,<NULL>,<NULL>,FFTf9Zdgk3YkfCKo3,<NULL>,image/jpeg,<NULL>,379,0,<NULL>,<NULL>,<NULL>,<NULL>
2,2011-11-03 00:19:26.831,info,1320279566.831563,CJwUi9bdB9c1lLW44,192.168.2.76,52029,72.21.211.173,80,1,GET,f.thumbs.redditmedia.com,/BP5bQfy4o-C7cF6A.jpg,http://www.reddit.com/,1.1,Mozilla/5.0 (Macintosh; Intel Mac OS X 10.6; rv:7.0.1) Gecko/20100101 Firefox/7.0.1,0,2272,200,OK,<NULL>,<NULL>,,<NULL>,<NULL>,<NULL>,<NULL>,<NULL>,<NULL>,FfXtOj3o7aub4vbs2j,<NULL>,image/jpeg,<NULL>,0,0,<NULL>,<NULL>,<NULL>,<NULL>
3,2011-11-03 00:19:26.831,info,1320279566.831473,CoX7zA3OJKGUOSCBY2,192.168.2.76,52027,72.21.211.173,80,1,GET,e.thumbs.redditmedia.com,/SVUtep3Rhg5FTRn4.jpg,http://www.reddit.com/,1.1,Mozilla/5.0 (Macintosh; Intel Mac OS X 10.6; rv:7.0.1) Gecko/20100101 Firefox/7.0.1,0,2562,200,OK,<NULL>,<NULL>,,<NULL>,<NULL>,<NULL>,<NULL>,<NULL>,<NULL>,F21Ybs3PTqS6O4Q2Zh,<NULL>,image/jpeg,<NULL>,0,0,<NULL>,<NULL>,<NULL>,<NULL>
4,2011-11-03 00:19:26.831,info,1320279566.831643,CT0JIh479jXIGt0Po1,192.168.2.76,52031,72.21.211.173,80,1,GET,f.thumbs.redditmedia.com,/uuy31444rLSyKdHS.jpg,http://www.reddit.com/,1.1,Mozilla/5.0 (Macintosh; Intel Mac OS X 10.6; rv:7.0.1) Gecko/20100101 Firefox/7.0.1,0,1595,200,OK,<NULL>,<NULL>,,<NULL>,<NULL>,<NULL>,<NULL>,<NULL>,<NULL>,Fdk0MZ1wQmKWAJ4WH4,<NULL>,image/jpeg,<NULL>,0,0,<NULL>,<NULL>,<NULL>,<NULL>
