[
    {
        "top_meta": {
            "file": "{top_srcdir}/README.md",
            "anchor": "#usage-with-systemd-journald-",
            "breadcrumbs": [
                {
                    "display_value": "README.md",
                    "search_placeholder": "",
                    "possibilities": [
                        {
                            "display_value": "README.md"
                        }
                    ]
                },
                {
                    "display_value": "LNAV – The Logfile Navigator",
                    "search_placeholder": "",
                    "possibilities": [
                        {
                            "display_value": "LNAV – The Logfile Navigator"
                        }
                    ]
                },
                {
                    "display_value": "Usage",
                    "search_placeholder": "",
                    "possibilities": [
                        {
                            "display_value": "Contributing"
                        },
                        {
                            "display_value": "Installation"
                        },
                        {
                            "display_value": "Links"
                        },
                        {
                            "display_value": "Screenshot"
                        },
                        {
                            "display_value": "See Also"
                        },
                        {
                            "display_value": "Support"
                        },
                        {
                            "display_value": "Usage"
                        }
                    ]
                },
                {
                    "display_value": "Usage with  systemd-journald ",
                    "search_placeholder": "",
                    "possibilities": [
                        {
                            "display_value": "Usage with  systemd-journald "
                        }
                    ]
                }
            ]
        }
    }
]
