     File Offset  00 01 02 03 04 05 06 07  08 09 0a 0b 0c 0d 0e 0f        ASCII      
               0  23 44 61 74 65 3a 09 33  2f 39 2f 33 2f 30 85 20  #Date:_3 /9/3/0Ã—_
              10  32 0a 30 0a                                       2_0_
