
[-09-06T22:00:49.124817Z] INFO     Shutting down service
  user: steve@example.com

