[7m Thu Nov 03 09:20:00     [0m[1m[7m[31m     1 normal         2 errors         0 warnings  [0m       0 marks
[7m Thu Nov 03 09:45:00     [0m     1 normal         0 errors         0 warnings         0 marks
[1m[7m[31m Fri Feb 03 09:20:00     [0m[1m     0 normal         1 errors         0 warnings         0 marks[0m
[1m[7m Wed Jan 03 09:20:00     [0m[1m     1 normal         0 errors         0 warnings         0 marks[0m
