Row 0:
  Column timezone('UTC', '2022-03-02T10:20:30.400-0700'): 2022-03-02T17:20:30.400000+0000
