[32m# Test file for syntax-highlighting[0m

[1m[36mdef[0m hello(abc):
    [35m"""[0m
[35m    This is a multi-line string[0m

[35m    [0m[35m@param[0m[35m abc: blah blah[0m
[35m    """[0m
    [1m[36mreturn[0m abc + 1
