2013-09-06T20:00:48.124000Z TRACE trace test
  @fields: { "lvl": "TRACE", "msg": "trace test"}
2013-09-06T20:00:49.124000Z INFO Starting up service
  @fields: { "lvl": "INFO", "msg": "Starting up service"}
[offset: 186] {"ts": "2013-09-06T22:00:49.124817Z", "@fields": { "lvl": "INFO", "msg": "Shutting down service\nline2\nline3\nline4\nline5\nline6\nline7\nline8\nline9\nline10
parse error: premature EOF
                                       {"ts": "2013-09-06T22:00:49.124
                     (right here) ------^
2013-09-06T22:00:59.124000Z DEBUG5 Details...
  @fields: { "lvl": "DEBUG5", "msg": "Details..."}
2013-09-06T22:00:59.222000Z DEBUG4 Details...
  @fields: { "lvl": "DEBUG4", "msg": "Details..."}
