Row 0:
  Column parse_url('https://example.com/sea%26rch?flag&flag2&=def&flag3=abc+def#frag1%20space'): {"scheme":"https","username":null,"password":null,"host":"example.com","port":null,"path":"/sea&rch","query":"flag&flag2&=def&flag3=abc+def","parameters":{"flag":null,"flag2":null,"":"def","flag3":"abc def"},"fragment":"frag1 space"}
