[1m[4mlog_line [0m[1m[4mlog_annotations [0m
       0 {"abc":"def"}   
