[7m Sat Nov 03 09:20:00[0m[1m[7m[31m          1 normal         2 errors     [0m[7m[32m    0 warnings      [0m   1 marks
[7m Sat Nov 03 09:45:00[0m          1 normal         0 errors         0 warnings         0 marks
