[1m[4mid [0m[1m[4mfirst_name [0m[1m[4mlast_name [0m[1m[4m[7mage [0m
[7m [0m0 Phil       Myman      30 
[7m 1[0m[7m [0m[7mLem       [0m[7m [0m[7mHewitt   [0m[7m [0m[7m 35[0m 
